[     452ms] Error: Hydration failed because the server rendered HTML didn't match the client. As a result this tree will be regenerated on the client. This can happen if a SSR-ed Client Component used:

- A server/client branch `if (typeof window !== 'undefined')`.
- Variable input such as `Date.now()` or `Math.random()` which changes each time it's called.
- Date formatting in a user's locale which doesn't match the server.
- External changing data without sending a snapshot of it along with the HTML.
- Invalid HTML tag nesting.

It can also happen if the client has a browser extension installed which messes with the HTML before React loaded.

https://react.dev/link/hydration-mismatch

  ...
    <RedirectErrorBoundary router={{...}}>
      <InnerLayoutRouter url="/artistas" tree={[...]} params={{}} cacheNode={{rsc:{...}, ...}} segmentPath={[...]} ...>
        <SegmentViewNode type="page" pagePath="artistas/p...">
          <SegmentTrieNode>
          <ClientPageRoot Component={function ArtistasPage} serverProvidedParams={{...}}>
            <ArtistasPage params={Promise} searchParams={Promise}>
              <div className="min-h-scre...">
                <div className="max-w-6xl ...">
                  <div>
                  <div>
                  <div className="grid grid-...">
                    <LinkComponent>
                    <LinkComponent>
                    <LinkComponent>
                    <LinkComponent>
                    <LinkComponent>
                    <LinkComponent href="/artistas/..." className="group rela..." style={{opacity:0, ...}}>
                      <a className="group rela..." style={{opacity:0, ...}} ref={function} onClick={function onClick} ...>
                        <div className="relative t...">
                          <ArtistCardCarousel slides={[...]}>
                            <div
+                             className="relative w-full h-40 md:h-48 overflow-hidden"
-                             className="h-40 md:h-48 w-full bg-surface flex items-center justify-center"
                            >
+                             <div
+                               className="flex h-full transition-transform duration-300 ease-in-out"
+                               style={{transform:"translateX..."}}
+                             >
-                             <span className="text-muted text-sm font-medium">
                              ...
                          ...
                        ...
                    ...
                  ...
        ...
      ...

    at throwOnHydrationMismatch (http://localhost:3000/_next/static/chunks/node_modules_next_dist_compiled_react-dom_058-ah~._.js:3318:56)
    at beginWork (http://localhost:3000/_next/static/chunks/node_modules_next_dist_compiled_react-dom_058-ah~._.js:6758:918)
    at runWithFiberInDEV (http://localhost:3000/_next/static/chunks/node_modules_next_dist_compiled_react-dom_058-ah~._.js:965:74)
    at performUnitOfWork (http://localhost:3000/_next/static/chunks/node_modules_next_dist_compiled_react-dom_058-ah~._.js:9555:97)
    at workLoopConcurrentByScheduler (http://localhost:3000/_next/static/chunks/node_modules_next_dist_compiled_react-dom_058-ah~._.js:9551:58)
    at renderRootConcurrent (http://localhost:3000/_next/static/chunks/node_modules_next_dist_compiled_react-dom_058-ah~._.js:9534:71)
    at performWorkOnRoot (http://localhost:3000/_next/static/chunks/node_modules_next_dist_compiled_react-dom_058-ah~._.js:9061:150)
    at performWorkOnRootViaSchedulerTask (http://localhost:3000/_next/static/chunks/node_modules_next_dist_compiled_react-dom_058-ah~._.js:10255:9)
    at MessagePort.performWorkUntilDeadline (http://localhost:3000/_next/static/chunks/node_modules_next_dist_compiled_0rpq4pf._.js:2647:64)
